###############################################################################
#
# IAR ELF Linker V9.10.2.313/W64 for ARM                  12/Jan/2022  13:19:33
# Copyright 2007-2021 IAR Systems AB.
#
#    Output file  =
#        D:\studying\Senior 1\Semester 1\Lab8\Lab8\Embedded
#        Course\Debug\Exe\lab3.out
#    Map file     =
#        D:\studying\Senior 1\Semester 1\Lab8\Lab8\Embedded
#        Course\Debug\List\lab3.map
#    Command line =
#        -f "D:\studying\Senior 1\Semester 1\Lab8\Lab8\Embedded
#        Course\Debug\Exe\lab3.out.rsp" ("D:\studying\Senior 1\Semester
#        1\Lab8\Lab8\Embedded Course\Debug\Obj\DIO.o" "D:\studying\Senior
#        1\Semester 1\Lab8\Lab8\Embedded Course\Debug\Obj\main.o"
#        "D:\studying\Senior 1\Semester 1\Lab8\Lab8\Embedded
#        Course\Debug\Obj\startup_ewarm.o" "D:\studying\Senior 1\Semester
#        1\Lab8\Lab8\Embedded Course\Debug\Obj\Timer.o" --no_out_extension -o
#        "D:\studying\Senior 1\Semester 1\Lab8\Lab8\Embedded
#        Course\Debug\Exe\lab3.out" --redirect _Printf=_PrintfFullNoMb
#        --redirect _Scanf=_ScanfFullNoMb --map "D:\studying\Senior 1\Semester
#        1\Lab8\Lab8\Embedded Course\Debug\List\lab3.map" --config
#        "D:\programs\New
#        folder\arm\config\linker\TexasInstruments\TM4C123GH6.icf"
#        --semihosting --entry __iar_program_start --vfe --text_out locale)
#
###############################################################################

*******************************************************************************
*** RUNTIME MODEL ATTRIBUTES
***

CppFlavor       = *
__SystemLibrary = DLib
__dlib_version  = 6


*******************************************************************************
*** HEAP SELECTION
***

The basic heap was selected because some modules are built with
size limitations (and not runtime checking), and --advanced_heap
was not specified.


*******************************************************************************
*** PLACEMENT SUMMARY
***

"A0":  place at address 0x0 { ro section .intvec };
"P1":  place in [from 0x0 to 0x3'ffff] { ro };
define block CSTACK with size = 4K, alignment = 8 { };
define block HEAP with size = 8K, alignment = 8 { };
"P2":  place in [from 0x2000'0000 to 0x2000'7fff] {
          rw, block CSTACK, block HEAP };
do not initialize { rw section .noinit };

  Section          Kind         Address   Size  Object
  -------          ----         -------   ----  ------
"A0":                                    0x26c
  .intvec          const            0x0  0x26c  startup_ewarm.o [1]
                                - 0x26c  0x26c

"P1":                                    0x704
  .text            ro code        0x26c  0x26c  main.o [1]
  .text            ro code        0x4d8  0x194  DIO.o [1]
  .text            ro code        0x66c  0x1ec  Timer.o [1]
  .text            ro code        0x858   0x38  zero_init3.o [4]
  .text            ro code        0x890   0x28  data_init.o [4]
  .text            ro code        0x8b8   0x22  fpinit_M.o [3]
  .iar.init_table  const          0x8dc   0x10  - Linker created -
  .text            ro code        0x8ec   0x1e  startup_ewarm.o [1]
  .text            ro code        0x90c   0x1c  cstartup_M.o [4]
  .text            ro code        0x928   0x1e  cmain.o [4]
  .text            ro code        0x946    0x4  low_level_init.o [2]
  .text            ro code        0x94a    0x4  exit.o [2]
  .text            ro code        0x950    0xa  cexit.o [4]
  .text            ro code        0x95c   0x14  exit.o [5]
  .rodata          const          0x970    0x0  zero_init3.o [4]
                                - 0x970  0x704

"P2", part 1 of 2:                         0x4
  .bss             zero     0x2000'0000    0x1  main.o [1]
                          - 0x2000'0001    0x1

"P2", part 2 of 2:                       0x200
  .noinit          uninit   0x2000'0004  0x200  startup_ewarm.o [1]
                          - 0x2000'0204  0x200

Unused ranges:

         From           To      Size
         ----           --      ----
        0x970     0x3'ffff  0x3'f690
  0x2000'0204  0x2000'7fff    0x7dfc


*******************************************************************************
*** INIT TABLE
***

          Address      Size
          -------      ----
Zero (__iar_zero_init3)
    1 destination range, total size 0x1:
          0x2000'0000   0x1



*******************************************************************************
*** MODULE SUMMARY
***

    Module            ro code  ro data  rw data
    ------            -------  -------  -------
command line/config:
    -------------------------------------------
    Total:

D:\studying\Senior 1\Semester 1\Lab8\Lab8\Embedded Course\Debug\Obj: [1]
    DIO.o                 404
    Timer.o               492
    main.o                620                 1
    startup_ewarm.o        30      620      512
    -------------------------------------------
    Total:              1'546      620      513

dl7M_tln.a: [2]
    exit.o                  4
    low_level_init.o        4
    -------------------------------------------
    Total:                  8

m7M_tls.a: [3]
    fpinit_M.o             34
    -------------------------------------------
    Total:                 34

rt7M_tl.a: [4]
    cexit.o                10
    cmain.o                30
    cstartup_M.o           28
    data_init.o            40
    zero_init3.o           56
    -------------------------------------------
    Total:                164

shb_l.a: [5]
    exit.o                 20
    -------------------------------------------
    Total:                 20

    Gaps                    6        2
    Linker created                  16
-----------------------------------------------
    Grand Total:        1'778      638      513


*******************************************************************************
*** ENTRY LIST
***

Entry                       Address   Size  Type      Object
-----                       -------   ----  ----      ------
.iar.init_table$$Base         0x8dc          --   Gb  - Linker created -
.iar.init_table$$Limit        0x8ec          --   Gb  - Linker created -
?main                         0x929         Code  Gb  cmain.o [4]
FaultISR                      0x907    0x2  Code  Lc  startup_ewarm.o [1]
IntDefaultHandler             0x909    0x2  Code  Lc  startup_ewarm.o [1]
NmiSR                         0x905    0x2  Code  Lc  startup_ewarm.o [1]
PORTB_init                    0x54f   0x2e  Code  Gb  DIO.o [1]
PORTC_init                    0x57d   0x2e  Code  Gb  DIO.o [1]
PORTF_init                    0x4d9   0x76  Code  Gb  DIO.o [1]
PortFHandler                  0x76f   0x9c  Code  Gb  Timer.o [1]
Region$$Table$$Base           0x8dc          --   Gb  - Linker created -
Region$$Table$$Limit          0x8ec          --   Gb  - Linker created -
ResetISR                      0x8ed   0x14  Code  Gb  startup_ewarm.o [1]
RestoreState                  0x3d1  0x104  Code  Gb  main.o [1]
TIMER0_delay                  0x6fd   0x34  Code  Gb  Timer.o [1]
TIMER0_init                   0x66d   0x4a  Code  Gb  Timer.o [1]
TIMER1_delay                  0x731   0x1c  Code  Gb  Timer.o [1]
TIMER1_init                   0x6b7   0x44  Code  Gb  Timer.o [1]
Timer0Handler                 0x74d   0x14  Code  Gb  Timer.o [1]
Timer1Handler                 0x761    0xe  Code  Gb  Timer.o [1]
TrafficLEDs                   0x5ad   0x5a  Code  Gb  DIO.o [1]
TrafficState            0x2000'0000    0x1  Data  Gb  main.o [1]
__cmain                       0x929         Code  Gb  cmain.o [4]
__exit                        0x95d   0x14  Code  Gb  exit.o [5]
__iar_data_init3              0x891   0x28  Code  Gb  data_init.o [4]
__iar_init_vfp                0x8b9         Code  Gb  fpinit_M.o [3]
__iar_program_start           0x90d         Code  Gb  cstartup_M.o [4]
__iar_zero_init3              0x859   0x38  Code  Gb  zero_init3.o [4]
__low_level_init              0x947    0x4  Code  Gb  low_level_init.o [2]
__vector_table                  0x0  0x26c  Data  Gb  startup_ewarm.o [1]
_call_main                    0x935         Code  Gb  cmain.o [4]
_exit                         0x951         Code  Gb  cexit.o [4]
exit                          0x94b    0x4  Code  Gb  exit.o [2]
main                          0x26d  0x164  Code  Gb  main.o [1]
pui32Stack              0x2000'0004  0x200  Data  Lc  startup_ewarm.o [1]


[1] = D:\studying\Senior 1\Semester 1\Lab8\Lab8\Embedded Course\Debug\Obj
[2] = dl7M_tln.a
[3] = m7M_tls.a
[4] = rt7M_tl.a
[5] = shb_l.a

  1'778 bytes of readonly  code memory
    638 bytes of readonly  data memory
    513 bytes of readwrite data memory

Errors: none
Warnings: none
